// Jest Snapshot v1, https://goo.gl/fbAQLP

exports[`Renderea piola 1`] = `
<div
  className="App"
>
  <header
    className="App-header"
  >
    <img
      alt="logo"
      className="App-logo"
      src="logo.svg"
    />
    <p>
      Edita 
      <code>
        src/App.js
      </code>
       y guardalo para recargar.
    </p>
    <a
      className="App-link"
      href="https://reactjs.org"
      rel="noopener noreferrer"
      target="_blank"
    >
      aprende react
    </a>
  </header>
</div>
`;
